// Jest Snapshot v1, https://goo.gl/fbAQLP

exports[`Card renders correctly 1`] = `
<div
  className="MuiPaper-root MuiCard-root sc-bdnxRM eWUlBp MuiPaper-elevation1 MuiPaper-rounded"
>
  <h6
    className="MuiTypography-root sc-gtsrHT eOAXXw MuiTypography-h6"
  />
  <p
    className="MuiTypography-root sc-dlnjwi ixHxQZ MuiTypography-body2"
  >
     
     
  </p>
  <div
    className="sc-hKFxyN ccvTJW"
  >
    <div
      className="MuiChip-root sc-eCApnc jGYaxs"
      onKeyDown={[Function]}
      onKeyUp={[Function]}
    >
      <span
        className="MuiChip-label"
      />
    </div>
    <svg
      aria-hidden={true}
      className="MuiSvgIcon-root sc-gKAaRy juJupC"
      focusable="false"
      viewBox="0 0 24 24"
    >
      <path
        d="M12 2C6.48 2 2 6.48 2 12s4.48 10 10 10 10-4.48 10-10S17.52 2 12 2zm-2 15l-5-5 1.41-1.41L10 14.17l7.59-7.59L19 8l-9 9z"
      />
    </svg>
  </div>
</div>
`;
